// Jest Snapshot v1, https://goo.gl/fbAQLP

exports[`LogoutScreen renders the LogoutScreen 1`] = `
<View
  style={
    Object {
      "alignItems": "center",
      "backgroundColor": "white",
      "flex": 1,
      "justifyContent": "center",
    }
  }
>
  <Text
    accessible={true}
    allowFontScaling={true}
    ellipsizeMode="tail"
    style={
      Object {
        "color": "black",
      }
    }
  >
    Are you sure you want to log out?
  </Text>
  <View
    accessibilityComponentType="button"
    accessibilityLabel="logout button"
    accessibilityTraits="button"
    accessible={true}
    collapsable={undefined}
    hasTVPreferredFocus={undefined}
    hitSlop={undefined}
    isTVSelectable={true}
    nativeID={undefined}
    onLayout={undefined}
    onResponderGrant={[Function]}
    onResponderMove={[Function]}
    onResponderRelease={[Function]}
    onResponderTerminate={[Function]}
    onResponderTerminationRequest={[Function]}
    onStartShouldSetResponder={[Function]}
    style={
      Object {
        "alignItems": "center",
        "backgroundColor": "#007bff",
        "borderRadius": 5,
        "flexDirection": "row",
        "justifyContent": "space-between",
        "opacity": 1,
        "paddingBottom": 5,
        "paddingLeft": 25,
        "paddingRight": 25,
        "paddingTop": 5,
      }
    }
    testID={undefined}
    tvParallaxProperties={undefined}
  >
    <Text
      accessible={true}
      allowFontScaling={true}
      ellipsizeMode="tail"
      style={
        Array [
          Object {
            "color": "#fafafa",
            "fontSize": 17,
            "fontWeight": "bold",
            "textAlign": "center",
          },
          null,
        ]
      }
    >
      Confirm Log Out
    </Text>
  </View>
</View>
`;
